≡ƒöì V├ëRIFICATION INSTALLATION PLAYWRIGHT
==================================================
Γ£à Playwright install├⌐
Γ£à Browser Chromium fonctionnel
≡ƒÄ¡ TEST DU SCRAPER VIX AVEC PLAYWRIGHT (ANTI-BOT BYPASS)

≡ƒÜÇ Initialisation du browser...
≡ƒôè D├⌐marrage du scraping...

≡ƒÜÇ D├⌐marrage scraping VIX ultra-rapide (2 sources + cache)...
[MarketWatch] Navigating to VIX page...
[Investing.com] Navigating to VIX page...
node.exe : ΓÜá∩╕Å Erreur 
scraping MarketWatch: Timeout: 
MarketWatch scraping timeout
Au caractère Ligne:1 : 1
+ & "C:\Program 
Files\nodejs/node.exe" 
"C:\Program 
Files\nodejs/node_mo ...
+ ~~~~~~~~~~~~~~~~~~~~~~~~~~~~~
~~~~~~~~~~~~~~~~~~~~~~~~~~~~~~~
~~~~~~~~~
    + CategoryInfo          :  
   NotSpecified: (ΓÜá∩╕Å Erre  
  ur s...craping timeout:Str   
 ing) [], RemoteException
    + FullyQualifiedErrorId :  
   NativeCommandError
 
ΓÜá∩╕Å Erreur scraping 
Investing.com: Timeout: 
Investing.com scraping timeout
[Investing.com] Recherche des news...
[Investing.com] Total news trouv├⌐es: 0
[MarketWatch] Recherche des news avec dates...
[MarketWatch] Erreur extraction news: locator.all: Target page, context or browser has been closed
≡ƒôè M├⌐triques scraping - Total: 30191ms, Cache hits: 0/0
   MarketWatch: Γ¥î, Investing.com: Γ¥î

≡ƒôè M├ëTRIQUES DE SCRAPING:
==================================================
ΓÅ▒∩╕Å  Temps total: 30191ms
≡ƒôê Taux de r├⌐ussite: 0.0%
Γ£à Succ├¿s: 0/2
ΓÜí Temps moyen: 0ms

≡ƒôï D├ëTAIL PAR SOURCE:
   Γ¥î MarketWatch: 0ms - Timeout: MarketWatch scraping timeout
   Γ¥î Investing.com: 0ms - Timeout: Investing.com scraping timeout

ΓÅ▒∩╕Å  Scraping termin├⌐ en 30193ms

≡ƒôï R├ëSULTATS PAR SOURCE:
================================================================================
Γ¥î MarketWatch: ERREUR - Timeout: MarketWatch scraping timeout

Γ¥î Investing.com: ERREUR - Timeout: Investing.com scraping timeout

≡ƒôê ANALYSE DES DONN├ëES:
==================================================
Γ¥î Aucune donn├⌐e VIX valide r├⌐cup├⌐r├⌐e

≡ƒÆ╛ TEST SAUVEGARDE BASE DE DONN├ëES:
==================================================
Γ£à Sauvegarde en base r├⌐ussie

≡ƒöä COMPARAISON AVEC ANCIEN SCRAPER:
==================================================
Γ£à Am├⌐liorations Playwright:
   ΓÇó Headers stealth avanc├⌐s
   ΓÇó Simulation comportement humain
   ΓÇó Gestion cookies automatique
   ΓÇó Viewport r├⌐aliste
   ΓÇó User-Agent randomis├⌐
   ΓÇó Anti-d├⌐tection navigateur automatis├⌐

≡ƒôè Performance:
   ΓÇó Temps d'ex├⌐cution: 30193ms
   ΓÇó Succ├¿s: 0/2 sources
   ΓÇó Taux de r├⌐ussite: 0.0%

≡ƒÄ» Recommandations:
Γ¥î Scraper non fonctionnel - V├⌐rifier Playwright install

Γ£à Tests termin├⌐s!
